#
# There is insufficient memory for the Java Runtime Environment to continue.
# Native memory allocation (malloc) failed to allocate 1228144 bytes. Error detail: Chunk::new
# Possible reasons:
#   The system is out of physical RAM or swap space
#   This process is running with CompressedOops enabled, and the Java Heap may be blocking the growth of the native heap
# Possible solutions:
#   Reduce memory load on the system
#   Increase physical memory or swap space
#   Check if swap backing store is full
#   Decrease Java heap size (-Xmx/-Xms)
#   Decrease number of Java threads
#   Decrease Java thread stack sizes (-Xss)
#   Set larger code cache with -XX:ReservedCodeCacheSize=
#   JVM is running with Unscaled Compressed Oops mode in which the Java heap is
#     placed in the first 4GB address space. The Java Heap base address is the
#     maximum limit for the native heap growth. Please use -XX:HeapBaseMinAddress
#     to set the Java Heap base and to place the Java Heap above 4GB virtual address.
# This output file may be truncated or incomplete.
#
#  Out of Memory Error (arena.cpp:168), pid=14528, tid=7760
#
# JRE version: OpenJDK Runtime Environment Temurin-21.0.7+6 (21.0.7+6) (build 21.0.7+6-LTS)
# Java VM: OpenJDK 64-Bit Server VM Temurin-21.0.7+6 (21.0.7+6-LTS, mixed mode, sharing, tiered, compressed oops, compressed class ptrs, parallel gc, windows-amd64)
# No core dump will be written. Minidumps are not enabled by default on client versions of Windows
#

---------------  S U M M A R Y ------------

Command Line: --add-modules=ALL-SYSTEM --add-opens=java.base/java.util=ALL-UNNAMED --add-opens=java.base/java.lang=ALL-UNNAMED --add-opens=java.base/sun.nio.fs=ALL-UNNAMED -Declipse.application=org.eclipse.jdt.ls.core.id1 -Dosgi.bundles.defaultStartLevel=4 -Declipse.product=org.eclipse.jdt.ls.core.product -Djava.import.generatesMetadataFilesAtProjectRoot=false -DDetectVMInstallationsJob.disabled=true -Dfile.encoding=utf8 -XX:+UseParallelGC -XX:GCTimeRatio=4 -XX:AdaptiveSizePolicyWeight=90 -Dsun.zip.disableMemoryMapping=true -Xmx1G -Xms100m -Xlog:disable -javaagent:c:\Users\user\.vscode\extensions\redhat.java-1.42.0-win32-x64\lombok\lombok-1.18.36.jar -XX:+HeapDumpOnOutOfMemoryError -XX:HeapDumpPath=c:\Users\user\AppData\Roaming\Code\User\workspaceStorage\0272490850c50741bd3cc4f5751eb9fa\redhat.java -Daether.dependencyCollector.impl=bf c:\Users\user\.vscode\extensions\redhat.java-1.42.0-win32-x64\server\plugins\org.eclipse.equinox.launcher_1.7.0.v20250424-1814.jar -configuration c:\Users\user\AppData\Roaming\Code\User\globalStorage\redhat.java\1.42.0\config_win -data c:\Users\user\AppData\Roaming\Code\User\workspaceStorage\0272490850c50741bd3cc4f5751eb9fa\redhat.java\jdt_ws --pipe=\\.\pipe\lsp-7dab97760057eeb9f00772c5f2baa5b3-sock

Host: Intel(R) Core(TM) i7-8650U CPU @ 1.90GHz, 8 cores, 15G,  Windows 11 , 64 bit Build 26100 (10.0.26100.2454)
Time: Fri May 23 18:07:58 2025 Pakistan Standard Time elapsed time: 3017.702974 seconds (0d 0h 50m 17s)

---------------  T H R E A D  ---------------

Current thread (0x000001ab6da92880):  JavaThread "C2 CompilerThread2" daemon [_thread_in_native, id=7760, stack(0x000000879c700000,0x000000879c800000) (1024K)]


Current CompileTask:
C2:3017703 15909 % !   4       org.eclipse.jdt.internal.compiler.classfmt.ClassFileReader::<init> @ 699 (2135 bytes)

Stack: [0x000000879c700000,0x000000879c800000]
Native frames: (J=compiled Java code, j=interpreted, Vv=VM code, C=native code)
V  [jvm.dll+0x6ce119]
V  [jvm.dll+0x8a84a1]
V  [jvm.dll+0x8aa9ce]
V  [jvm.dll+0x8ab0b3]
V  [jvm.dll+0x27f8a6]
V  [jvm.dll+0xc507d]
V  [jvm.dll+0xc55b3]
V  [jvm.dll+0x3b692c]
V  [jvm.dll+0x1dfe33]
V  [jvm.dll+0x247c42]
V  [jvm.dll+0x2470cf]
V  [jvm.dll+0x1c760e]
V  [jvm.dll+0x25695a]
V  [jvm.dll+0x254efa]
V  [jvm.dll+0x3f03f6]
V  [jvm.dll+0x851f6b]
V  [jvm.dll+0x6cc7dd]
C  [ucrtbase.dll+0x14ea0]
C  [KERNEL32.DLL+0x2e8d7]
C  [ntdll.dll+0xdfbcc]


---------------  P R O C E S S  ---------------

Threads class SMR info:
_java_thread_list=0x000001ab6ed0b2a0, length=56, elements={
0x000001ab0f0b3cc0, 0x000001ab0f169190, 0x000001ab0f16b2a0, 0x000001ab0f16db70,
0x000001ab23463fd0, 0x000001ab23466740, 0x000001ab23467190, 0x000001ab23467fc0,
0x000001ab234703a0, 0x000001ab0f11de20, 0x000001ab6a266920, 0x000001ab6ac35410,
0x000001ab6ac30960, 0x000001ab6ad6dc60, 0x000001ab6ace1cb0, 0x000001ab6b4f8810,
0x000001ab6b492900, 0x000001ab6b344d80, 0x000001ab6b345aa0, 0x000001ab6b3467c0,
0x000001ab6b345410, 0x000001ab6b3474e0, 0x000001ab6b3446f0, 0x000001ab6ad61120,
0x000001ab6ad5fd70, 0x000001ab6ad5f050, 0x000001ab6ad5f6e0, 0x000001ab6ad617b0,
0x000001ab6ad60400, 0x000001ab6ad5e330, 0x000001ab6ad60a90, 0x000001ab6ad61e40,
0x000001ab6ad5e9c0, 0x000001ab6ad624d0, 0x000001ab6c89e520, 0x000001ab6f8bb2d0,
0x000001ab6f8b8b70, 0x000001ab6f8b9f20, 0x000001ab6f8b84e0, 0x000001ab6f8bc680,
0x000001ab6f8bbff0, 0x000001ab6f8b9890, 0x000001ab6f8bcd10, 0x000001ab6f8bd3a0,
0x000001ab6f8bda30, 0x000001ab6f8bac40, 0x000001ab6f8be750, 0x000001ab6f8bf470,
0x000001ab6c89aa10, 0x000001ab6c89b0a0, 0x000001ab6c89f240, 0x000001ab78951ff0,
0x000001ab6c89bdc0, 0x000001ab6da92880, 0x000001ab6c89f8d0, 0x000001ab6c89c450
}

Java Threads: ( => current thread )
  0x000001ab0f0b3cc0 JavaThread "main"                              [_thread_blocked, id=15732, stack(0x0000008798e00000,0x0000008798f00000) (1024K)]
  0x000001ab0f169190 JavaThread "Reference Handler"          daemon [_thread_blocked, id=10492, stack(0x0000008799200000,0x0000008799300000) (1024K)]
  0x000001ab0f16b2a0 JavaThread "Finalizer"                  daemon [_thread_blocked, id=18460, stack(0x0000008799300000,0x0000008799400000) (1024K)]
  0x000001ab0f16db70 JavaThread "Signal Dispatcher"          daemon [_thread_blocked, id=6496, stack(0x0000008799400000,0x0000008799500000) (1024K)]
  0x000001ab23463fd0 JavaThread "Attach Listener"            daemon [_thread_blocked, id=13832, stack(0x0000008799500000,0x0000008799600000) (1024K)]
  0x000001ab23466740 JavaThread "Service Thread"             daemon [_thread_blocked, id=13588, stack(0x0000008799600000,0x0000008799700000) (1024K)]
  0x000001ab23467190 JavaThread "Monitor Deflation Thread"   daemon [_thread_blocked, id=1196, stack(0x0000008799700000,0x0000008799800000) (1024K)]
  0x000001ab23467fc0 JavaThread "C2 CompilerThread0"         daemon [_thread_blocked, id=9668, stack(0x0000008799800000,0x0000008799900000) (1024K)]
  0x000001ab234703a0 JavaThread "C1 CompilerThread0"         daemon [_thread_blocked, id=10760, stack(0x0000008799900000,0x0000008799a00000) (1024K)]
  0x000001ab0f11de20 JavaThread "Common-Cleaner"             daemon [_thread_blocked, id=5696, stack(0x0000008799a00000,0x0000008799b00000) (1024K)]
  0x000001ab6a266920 JavaThread "Notification Thread"        daemon [_thread_blocked, id=3552, stack(0x0000008799b00000,0x0000008799c00000) (1024K)]
  0x000001ab6ac35410 JavaThread "Active Thread: Equinox Container: fe3b0c2f-7eb9-4ac2-84f9-8c8b2208b949"        [_thread_blocked, id=17032, stack(0x000000879a400000,0x000000879a500000) (1024K)]
  0x000001ab6ac30960 JavaThread "Refresh Thread: Equinox Container: fe3b0c2f-7eb9-4ac2-84f9-8c8b2208b949" daemon [_thread_blocked, id=2492, stack(0x000000879a500000,0x000000879a600000) (1024K)]
  0x000001ab6ad6dc60 JavaThread "Framework Event Dispatcher: Equinox Container: fe3b0c2f-7eb9-4ac2-84f9-8c8b2208b949" daemon [_thread_blocked, id=16832, stack(0x000000879a700000,0x000000879a800000) (1024K)]
  0x000001ab6ace1cb0 JavaThread "Start Level: Equinox Container: fe3b0c2f-7eb9-4ac2-84f9-8c8b2208b949" daemon [_thread_blocked, id=18552, stack(0x000000879a800000,0x000000879a900000) (1024K)]
  0x000001ab6b4f8810 JavaThread "Bundle File Closer"         daemon [_thread_blocked, id=7024, stack(0x000000879a900000,0x000000879aa00000) (1024K)]
  0x000001ab6b492900 JavaThread "SCR Component Actor"        daemon [_thread_blocked, id=15588, stack(0x000000879aa00000,0x000000879ab00000) (1024K)]
  0x000001ab6b344d80 JavaThread "Worker-JM"                         [_thread_blocked, id=12152, stack(0x000000879ab00000,0x000000879ac00000) (1024K)]
  0x000001ab6b345aa0 JavaThread "JNA Cleaner"                daemon [_thread_blocked, id=18720, stack(0x000000879a300000,0x000000879a400000) (1024K)]
  0x000001ab6b3467c0 JavaThread "Worker-0"                          [_thread_blocked, id=15688, stack(0x000000879ad00000,0x000000879ae00000) (1024K)]
  0x000001ab6b345410 JavaThread "Worker-1"                          [_thread_blocked, id=21180, stack(0x000000879ae00000,0x000000879af00000) (1024K)]
  0x000001ab6b3474e0 JavaThread "Java indexing"              daemon [_thread_in_Java, id=2912, stack(0x000000879b000000,0x000000879b100000) (1024K)]
  0x000001ab6b3446f0 JavaThread "Thread-2"                   daemon [_thread_in_native, id=18984, stack(0x000000879b600000,0x000000879b700000) (1024K)]
  0x000001ab6ad61120 JavaThread "Thread-3"                   daemon [_thread_in_native, id=18760, stack(0x000000879b700000,0x000000879b800000) (1024K)]
  0x000001ab6ad5fd70 JavaThread "Thread-4"                   daemon [_thread_in_native, id=17696, stack(0x000000879b800000,0x000000879b900000) (1024K)]
  0x000001ab6ad5f050 JavaThread "Thread-5"                   daemon [_thread_in_native, id=17628, stack(0x000000879b900000,0x000000879ba00000) (1024K)]
  0x000001ab6ad5f6e0 JavaThread "Thread-6"                   daemon [_thread_in_native, id=19588, stack(0x000000879ba00000,0x000000879bb00000) (1024K)]
  0x000001ab6ad617b0 JavaThread "Thread-7"                   daemon [_thread_in_native, id=21064, stack(0x000000879bb00000,0x000000879bc00000) (1024K)]
  0x000001ab6ad60400 JavaThread "Thread-8"                   daemon [_thread_in_native, id=19228, stack(0x000000879bc00000,0x000000879bd00000) (1024K)]
  0x000001ab6ad5e330 JavaThread "Thread-9"                   daemon [_thread_in_native, id=17880, stack(0x000000879bd00000,0x000000879be00000) (1024K)]
  0x000001ab6ad60a90 JavaThread "Thread-10"                  daemon [_thread_in_native, id=17324, stack(0x000000879be00000,0x000000879bf00000) (1024K)]
  0x000001ab6ad61e40 JavaThread "pool-2-thread-1"                   [_thread_blocked, id=20008, stack(0x000000879bf00000,0x000000879c000000) (1024K)]
  0x000001ab6ad5e9c0 JavaThread "WorkspaceEventsHandler"            [_thread_blocked, id=14084, stack(0x0000008799c00000,0x0000008799d00000) (1024K)]
  0x000001ab6ad624d0 JavaThread "pool-1-thread-1"                   [_thread_blocked, id=21112, stack(0x000000879c000000,0x000000879c100000) (1024K)]
  0x000001ab6c89e520 JavaThread "Cleaner-0"                  daemon [_thread_blocked, id=16168, stack(0x0000008798d00000,0x0000008798e00000) (1024K)]
  0x000001ab6f8bb2d0 JavaThread "Java Debug Server"          daemon [_thread_in_native, id=15956, stack(0x000000879d700000,0x000000879d800000) (1024K)]
  0x000001ab6f8b8b70 JavaThread "RxSchedulerPurge-1"         daemon [_thread_blocked, id=19396, stack(0x000000879d900000,0x000000879da00000) (1024K)]
  0x000001ab6f8b9f20 JavaThread "RxCachedWorkerPoolEvictor-1" daemon [_thread_blocked, id=3888, stack(0x000000879da00000,0x000000879db00000) (1024K)]
  0x000001ab6f8b84e0 JavaThread "ForkJoinPool.commonPool-worker-13" daemon [_thread_blocked, id=17028, stack(0x0000008798b00000,0x0000008798c00000) (1024K)]
  0x000001ab6f8bc680 JavaThread "ForkJoinPool.commonPool-worker-14" daemon [_thread_blocked, id=21556, stack(0x0000008798c00000,0x0000008798d00000) (1024K)]
  0x000001ab6f8bbff0 JavaThread "ForkJoinPool.commonPool-worker-15" daemon [_thread_blocked, id=12788, stack(0x000000879ac00000,0x000000879ad00000) (1024K)]
  0x000001ab6f8b9890 JavaThread "ForkJoinPool.commonPool-worker-16" daemon [_thread_blocked, id=3224, stack(0x000000879af00000,0x000000879b000000) (1024K)]
  0x000001ab6f8bcd10 JavaThread "ForkJoinPool.commonPool-worker-17" daemon [_thread_blocked, id=19428, stack(0x000000879b100000,0x000000879b200000) (1024K)]
  0x000001ab6f8bd3a0 JavaThread "ForkJoinPool.commonPool-worker-18" daemon [_thread_blocked, id=19048, stack(0x000000879b200000,0x000000879b300000) (1024K)]
  0x000001ab6f8bda30 JavaThread "ForkJoinPool.commonPool-worker-19" daemon [_thread_blocked, id=18612, stack(0x000000879b300000,0x000000879b400000) (1024K)]
  0x000001ab6f8bac40 JavaThread "Worker-5"                          [_thread_blocked, id=21576, stack(0x000000879b400000,0x000000879b500000) (1024K)]
  0x000001ab6f8be750 JavaThread "Compiler Source File Reader" daemon [_thread_blocked, id=13012, stack(0x000000879b500000,0x000000879b600000) (1024K)]
  0x000001ab6f8bf470 JavaThread "Compiler Processing Task"   daemon [_thread_blocked, id=2212, stack(0x000000879c100000,0x000000879c200000) (1024K)]
  0x000001ab6c89aa10 JavaThread "Compiler Source File Reader" daemon [_thread_blocked, id=10092, stack(0x000000879c200000,0x000000879c300000) (1024K)]
  0x000001ab6c89b0a0 JavaThread "Compiler Source File Reader" daemon [_thread_blocked, id=20764, stack(0x000000879c400000,0x000000879c500000) (1024K)]
  0x000001ab6c89f240 JavaThread "Worker-6: Building"                [_thread_in_vm, id=2336, stack(0x000000879c500000,0x000000879c600000) (1024K)]
  0x000001ab78951ff0 JavaThread "C2 CompilerThread1"         daemon [_thread_blocked, id=10988, stack(0x000000879c300000,0x000000879c400000) (1024K)]
  0x000001ab6c89bdc0 JavaThread "Compiler Source File Reader" daemon [_thread_blocked, id=12732, stack(0x000000879c600000,0x000000879c700000) (1024K)]
=>0x000001ab6da92880 JavaThread "C2 CompilerThread2"         daemon [_thread_in_native, id=7760, stack(0x000000879c700000,0x000000879c800000) (1024K)]
  0x000001ab6c89f8d0 JavaThread "Compiler Source File Reader" daemon [_thread_blocked, id=19416, stack(0x000000879c800000,0x000000879c900000) (1024K)]
  0x000001ab6c89c450 JavaThread "Compiler Source File Reader" daemon [_thread_blocked, id=13676, stack(0x000000879c900000,0x000000879ca00000) (1024K)]
Total: 56

Other Threads:
  0x000001ab23463c20 VMThread "VM Thread"                           [id=22024, stack(0x0000008799100000,0x0000008799200000) (1024K)]
  0x000001ab2337ca00 WatcherThread "VM Periodic Task Thread"        [id=3208, stack(0x0000008799000000,0x0000008799100000) (1024K)]
  0x000001ab0f0d2030 WorkerThread "GC Thread#0"                     [id=19104, stack(0x0000008798f00000,0x0000008799000000) (1024K)]
  0x000001ab6a93dd10 WorkerThread "GC Thread#1"                     [id=4844, stack(0x0000008799d00000,0x0000008799e00000) (1024K)]
  0x000001ab6a851de0 WorkerThread "GC Thread#2"                     [id=18372, stack(0x0000008799e00000,0x0000008799f00000) (1024K)]
  0x000001ab6a852180 WorkerThread "GC Thread#3"                     [id=17720, stack(0x0000008799f00000,0x000000879a000000) (1024K)]
  0x000001ab6a852520 WorkerThread "GC Thread#4"                     [id=18416, stack(0x000000879a000000,0x000000879a100000) (1024K)]
  0x000001ab6a8528c0 WorkerThread "GC Thread#5"                     [id=7700, stack(0x000000879a100000,0x000000879a200000) (1024K)]
  0x000001ab6a4e7d70 WorkerThread "GC Thread#6"                     [id=5752, stack(0x000000879a200000,0x000000879a300000) (1024K)]
  0x000001ab6ac64850 WorkerThread "GC Thread#7"                     [id=18724, stack(0x000000879a600000,0x000000879a700000) (1024K)]
Total: 10

Threads with active compile tasks:
C2 CompilerThread2  3017911 15909 % !   4       org.eclipse.jdt.internal.compiler.classfmt.ClassFileReader::<init> @ 699 (2135 bytes)
Total: 1

VM state: not at safepoint (normal execution)

VM Mutex/Monitor currently owned by a thread:  ([mutex/lock_event])
[0x00007ffc4b09e408] Heap_lock - owner thread: 0x000001ab6c89f240
[0x00007ffc4b09e888] PSOldGenExpand_lock - owner thread: 0x000001ab6c89f240

Heap address: 0x00000000c0000000, size: 1024 MB, Compressed Oops mode: 32-bit

CDS archive(s) mapped at: [0x000001ab24000000-0x000001ab24ba0000-0x000001ab24ba0000), size 12189696, SharedBaseAddress: 0x000001ab24000000, ArchiveRelocationMode: 1.
Compressed class space mapped at: 0x000001ab25000000-0x000001ab65000000, reserved size: 1073741824
Narrow klass base: 0x000001ab24000000, Narrow klass shift: 0, Narrow klass range: 0x100000000

GC Precious Log:
 CardTable entry size: 512
 CPUs: 8 total, 8 available
 Memory: 16263M
 Large Page Support: Disabled
 NUMA Support: Disabled
 Compressed Oops: Enabled (32-bit)
 Alignments: Space 512K, Generation 512K, Heap 2M
 Heap Min Capacity: 100M
 Heap Initial Capacity: 100M
 Heap Max Capacity: 1G
 Pre-touch: Disabled
 Parallel Workers: 8

Heap:
 PSYoungGen      total 7680K, used 4582K [0x00000000eab00000, 0x00000000ebf80000, 0x0000000100000000)
  eden space 5632K, 45% used [0x00000000eab00000,0x00000000ead80ac8,0x00000000eb080000)
  from space 2048K, 98% used [0x00000000eb080000,0x00000000eb279010,0x00000000eb280000)
  to   space 7680K, 0% used [0x00000000eb800000,0x00000000eb800000,0x00000000ebf80000)
 ParOldGen       total 327680K, used 327272K [0x00000000c0000000, 0x00000000d4000000, 0x00000000eab00000)
  object space 327680K, 99% used [0x00000000c0000000,0x00000000d3f9a3b0,0x00000000d4000000)
 Metaspace       used 77535K, committed 79232K, reserved 1179648K
  class space    used 7787K, committed 8512K, reserved 1048576K

Card table byte_map: [0x000001ab0ea50000,0x000001ab0ec60000] _byte_map_base: 0x000001ab0e450000

Marking Bits: (ParMarkBitMap*) 0x00007ffc4b0a31f0
 Begin Bits: [0x000001ab212a0000, 0x000001ab222a0000)
 End Bits:   [0x000001ab222a0000, 0x000001ab232a0000)

Polling page: 0x000001ab0ce30000

Metaspace:

Usage:
  Non-class:     68.11 MB used.
      Class:      7.61 MB used.
       Both:     75.72 MB used.

Virtual space:
  Non-class space:      128.00 MB reserved,      69.06 MB ( 54%) committed,  2 nodes.
      Class space:        1.00 GB reserved,       8.31 MB ( <1%) committed,  1 nodes.
             Both:        1.12 GB reserved,      77.38 MB (  7%) committed. 

Chunk freelists:
   Non-Class:  10.73 MB
       Class:  7.56 MB
        Both:  18.30 MB

MaxMetaspaceSize: unlimited
CompressedClassSpaceSize: 1.00 GB
Initial GC threshold: 21.00 MB
Current GC threshold: 97.31 MB
CDS: on
 - commit_granule_bytes: 65536.
 - commit_granule_words: 8192.
 - virtual_space_node_default_size: 8388608.
 - enlarge_chunks_in_place: 1.
 - use_allocation_guard: 0.


Internal statistics:

num_allocs_failed_limit: 9.
num_arena_births: 1474.
num_arena_deaths: 16.
num_vsnodes_births: 3.
num_vsnodes_deaths: 0.
num_space_committed: 1238.
num_space_uncommitted: 0.
num_chunks_returned_to_freelist: 26.
num_chunks_taken_from_freelist: 5209.
num_chunk_merges: 12.
num_chunk_splits: 3187.
num_chunks_enlarged: 1827.
num_inconsistent_stats: 0.

CodeHeap 'non-profiled nmethods': size=120000Kb used=13367Kb max_used=13367Kb free=106632Kb
 bounds [0x000001ab19d70000, 0x000001ab1aa80000, 0x000001ab212a0000]
CodeHeap 'profiled nmethods': size=120000Kb used=38485Kb max_used=38485Kb free=81514Kb
 bounds [0x000001ab122a0000, 0x000001ab14840000, 0x000001ab197d0000]
CodeHeap 'non-nmethods': size=5760Kb used=1492Kb max_used=1643Kb free=4267Kb
 bounds [0x000001ab197d0000, 0x000001ab19a40000, 0x000001ab19d70000]
 total_blobs=15966 nmethods=15152 adapters=715
 compilation: enabled
              stopped_count=0, restarted_count=0
 full_count=0

Compilation events (20 events):
Event: 3016.441 Thread 0x000001ab234703a0 15979       3       java.util.stream.ReferencePipeline::collect (11 bytes)
Event: 3016.441 Thread 0x000001ab234703a0 nmethod 15979 0x000001ab1482da10 code [0x000001ab1482dbc0, 0x000001ab1482dd48]
Event: 3016.441 Thread 0x000001ab234703a0 15971       3       org.eclipse.jdt.internal.compiler.ast.ThisReference::generateCode (34 bytes)
Event: 3016.442 Thread 0x000001ab234703a0 nmethod 15971 0x000001ab1482de10 code [0x000001ab1482dfe0, 0x000001ab1482e3d8]
Event: 3016.442 Thread 0x000001ab234703a0 15973       3       org.eclipse.jdt.internal.compiler.ast.BinaryExpression::resolveType (790 bytes)
Event: 3016.444 Thread 0x000001ab23467fc0 nmethod 15976 0x000001ab1aa74790 code [0x000001ab1aa74940, 0x000001ab1aa74d70]
Event: 3016.444 Thread 0x000001ab23467fc0 15975       4       org.eclipse.jdt.internal.compiler.lookup.ReferenceBinding::getSourceTypeBinding (48 bytes)
Event: 3016.451 Thread 0x000001ab23467fc0 nmethod 15975 0x000001ab1aa74f10 code [0x000001ab1aa750a0, 0x000001ab1aa751c8]
Event: 3016.452 Thread 0x000001ab234703a0 nmethod 15973 0x000001ab1482e510 code [0x000001ab1482ea60, 0x000001ab14831988]
Event: 3016.452 Thread 0x000001ab23467fc0 15974       4       java.lang.AbstractStringBuilder::append (22 bytes)
Event: 3016.452 Thread 0x000001ab234703a0 15987       3       org.codehaus.plexus.util.MatchPattern::fromString (12 bytes)
Event: 3016.453 Thread 0x000001ab234703a0 nmethod 15987 0x000001ab14832690 code [0x000001ab14832840, 0x000001ab148329d8]
Event: 3016.453 Thread 0x000001ab234703a0 15969       3       org.eclipse.jdt.internal.compiler.problem.ProblemReporter::localVariableHiding (251 bytes)
Event: 3016.456 Thread 0x000001ab234703a0 nmethod 15969 0x000001ab14832a90 code [0x000001ab14832e20, 0x000001ab14834d68]
Event: 3016.469 Thread 0x000001ab78951ff0 nmethod 15966 0x000001ab1aa75310 code [0x000001ab1aa755c0, 0x000001ab1aa76ec8]
Event: 3016.470 Thread 0x000001ab78951ff0 15986       4       java.util.TreeMap::rotateLeft (96 bytes)
Event: 3016.473 Thread 0x000001ab78951ff0 nmethod 15986 0x000001ab1aa77d90 code [0x000001ab1aa77f20, 0x000001ab1aa78088]
Event: 3016.479 Thread 0x000001ab23467fc0 nmethod 15974 0x000001ab1aa78190 code [0x000001ab1aa78380, 0x000001ab1aa78b28]
Event: 3016.497 Thread 0x000001ab78951ff0 15988       4       org.eclipse.jdt.internal.core.index.DiskIndex::mergeCategory (301 bytes)
Event: 3016.662 Thread 0x000001ab78951ff0 nmethod 15988 0x000001ab1aa78e90 code [0x000001ab1aa792c0, 0x000001ab1aa7c820]

GC Heap History (20 events):
Event: 3011.650 GC heap before
{Heap before GC invocations=382 (full 3):
 PSYoungGen      total 2560K, used 2081K [0x00000000eab00000, 0x00000000eae80000, 0x0000000100000000)
  eden space 1536K, 100% used [0x00000000eab00000,0x00000000eac80000,0x00000000eac80000)
  from space 1024K, 53% used [0x00000000ead80000,0x00000000eae086b0,0x00000000eae80000)
  to   space 1024K, 0% used [0x00000000eac80000,0x00000000eac80000,0x00000000ead80000)
 ParOldGen       total 299520K, used 299028K [0x00000000c0000000, 0x00000000d2480000, 0x00000000eab00000)
  object space 299520K, 99% used [0x00000000c0000000,0x00000000d24051f0,0x00000000d2480000)
 Metaspace       used 77440K, committed 79040K, reserved 1179648K
  class space    used 7786K, committed 8512K, reserved 1048576K
}
Event: 3011.653 GC heap after
{Heap after GC invocations=382 (full 3):
 PSYoungGen      total 2560K, used 1002K [0x00000000eab00000, 0x00000000eb100000, 0x0000000100000000)
  eden space 1536K, 0% used [0x00000000eab00000,0x00000000eab00000,0x00000000eac80000)
  from space 1024K, 97% used [0x00000000eac80000,0x00000000ead7aa90,0x00000000ead80000)
  to   space 2048K, 0% used [0x00000000eaf00000,0x00000000eaf00000,0x00000000eb100000)
 ParOldGen       total 300032K, used 299599K [0x00000000c0000000, 0x00000000d2500000, 0x00000000eab00000)
  object space 300032K, 99% used [0x00000000c0000000,0x00000000d2493f50,0x00000000d2500000)
 Metaspace       used 77440K, committed 79040K, reserved 1179648K
  class space    used 7786K, committed 8512K, reserved 1048576K
}
Event: 3011.678 GC heap before
{Heap before GC invocations=383 (full 3):
 PSYoungGen      total 2560K, used 2538K [0x00000000eab00000, 0x00000000eb100000, 0x0000000100000000)
  eden space 1536K, 100% used [0x00000000eab00000,0x00000000eac80000,0x00000000eac80000)
  from space 1024K, 97% used [0x00000000eac80000,0x00000000ead7aa90,0x00000000ead80000)
  to   space 2048K, 0% used [0x00000000eaf00000,0x00000000eaf00000,0x00000000eb100000)
 ParOldGen       total 300032K, used 299599K [0x00000000c0000000, 0x00000000d2500000, 0x00000000eab00000)
  object space 300032K, 99% used [0x00000000c0000000,0x00000000d2493f50,0x00000000d2500000)
 Metaspace       used 77440K, committed 79040K, reserved 1179648K
  class space    used 7786K, committed 8512K, reserved 1048576K
}
Event: 3011.681 GC heap after
{Heap after GC invocations=383 (full 3):
 PSYoungGen      total 3584K, used 1248K [0x00000000eab00000, 0x00000000eb080000, 0x0000000100000000)
  eden space 2048K, 0% used [0x00000000eab00000,0x00000000eab00000,0x00000000ead00000)
  from space 1536K, 81% used [0x00000000eaf00000,0x00000000eb038000,0x00000000eb080000)
  to   space 1536K, 0% used [0x00000000ead80000,0x00000000ead80000,0x00000000eaf00000)
 ParOldGen       total 300544K, used 300543K [0x00000000c0000000, 0x00000000d2580000, 0x00000000eab00000)
  object space 300544K, 99% used [0x00000000c0000000,0x00000000d257fe48,0x00000000d2580000)
 Metaspace       used 77440K, committed 79040K, reserved 1179648K
  class space    used 7786K, committed 8512K, reserved 1048576K
}
Event: 3011.713 GC heap before
{Heap before GC invocations=384 (full 3):
 PSYoungGen      total 3584K, used 3296K [0x00000000eab00000, 0x00000000eb080000, 0x0000000100000000)
  eden space 2048K, 100% used [0x00000000eab00000,0x00000000ead00000,0x00000000ead00000)
  from space 1536K, 81% used [0x00000000eaf00000,0x00000000eb038000,0x00000000eb080000)
  to   space 1536K, 0% used [0x00000000ead80000,0x00000000ead80000,0x00000000eaf00000)
 ParOldGen       total 300544K, used 300543K [0x00000000c0000000, 0x00000000d2580000, 0x00000000eab00000)
  object space 300544K, 99% used [0x00000000c0000000,0x00000000d257fe48,0x00000000d2580000)
 Metaspace       used 77441K, committed 79040K, reserved 1179648K
  class space    used 7786K, committed 8512K, reserved 1048576K
}
Event: 3012.728 GC heap after
{Heap after GC invocations=384 (full 3):
 PSYoungGen      total 4096K, used 1536K [0x00000000eab00000, 0x00000000eb480000, 0x0000000100000000)
  eden space 2560K, 0% used [0x00000000eab00000,0x00000000eab00000,0x00000000ead80000)
  from space 1536K, 100% used [0x00000000ead80000,0x00000000eaf00000,0x00000000eaf00000)
  to   space 3584K, 0% used [0x00000000eb100000,0x00000000eb100000,0x00000000eb480000)
 ParOldGen       total 302080K, used 301887K [0x00000000c0000000, 0x00000000d2700000, 0x00000000eab00000)
  object space 302080K, 99% used [0x00000000c0000000,0x00000000d26cfe48,0x00000000d2700000)
 Metaspace       used 77441K, committed 79040K, reserved 1179648K
  class space    used 7786K, committed 8512K, reserved 1048576K
}
Event: 3012.769 GC heap before
{Heap before GC invocations=385 (full 3):
 PSYoungGen      total 4096K, used 4085K [0x00000000eab00000, 0x00000000eb480000, 0x0000000100000000)
  eden space 2560K, 99% used [0x00000000eab00000,0x00000000ead7d6e0,0x00000000ead80000)
  from space 1536K, 100% used [0x00000000ead80000,0x00000000eaf00000,0x00000000eaf00000)
  to   space 3584K, 0% used [0x00000000eb100000,0x00000000eb100000,0x00000000eb480000)
 ParOldGen       total 302080K, used 301887K [0x00000000c0000000, 0x00000000d2700000, 0x00000000eab00000)
  object space 302080K, 99% used [0x00000000c0000000,0x00000000d26cfe48,0x00000000d2700000)
 Metaspace       used 77444K, committed 79040K, reserved 1179648K
  class space    used 7786K, committed 8512K, reserved 1048576K
}
Event: 3012.782 GC heap after
{Heap after GC invocations=385 (full 3):
 PSYoungGen      total 5120K, used 1952K [0x00000000eab00000, 0x00000000eb300000, 0x0000000100000000)
  eden space 3072K, 0% used [0x00000000eab00000,0x00000000eab00000,0x00000000eae00000)
  from space 2048K, 95% used [0x00000000eb100000,0x00000000eb2e8000,0x00000000eb300000)
  to   space 2560K, 0% used [0x00000000eae00000,0x00000000eae00000,0x00000000eb080000)
 ParOldGen       total 303616K, used 303448K [0x00000000c0000000, 0x00000000d2880000, 0x00000000eab00000)
  object space 303616K, 99% used [0x00000000c0000000,0x00000000d2856140,0x00000000d2880000)
 Metaspace       used 77444K, committed 79040K, reserved 1179648K
  class space    used 7786K, committed 8512K, reserved 1048576K
}
Event: 3012.851 GC heap before
{Heap before GC invocations=386 (full 3):
 PSYoungGen      total 5120K, used 5024K [0x00000000eab00000, 0x00000000eb300000, 0x0000000100000000)
  eden space 3072K, 100% used [0x00000000eab00000,0x00000000eae00000,0x00000000eae00000)
  from space 2048K, 95% used [0x00000000eb100000,0x00000000eb2e8000,0x00000000eb300000)
  to   space 2560K, 0% used [0x00000000eae00000,0x00000000eae00000,0x00000000eb080000)
 ParOldGen       total 303616K, used 303448K [0x00000000c0000000, 0x00000000d2880000, 0x00000000eab00000)
  object space 303616K, 99% used [0x00000000c0000000,0x00000000d2856140,0x00000000d2880000)
 Metaspace       used 77444K, committed 79040K, reserved 1179648K
  class space    used 7786K, committed 8512K, reserved 1048576K
}
Event: 3012.863 GC heap after
{Heap after GC invocations=386 (full 3):
 PSYoungGen      total 5632K, used 2560K [0x00000000eab00000, 0x00000000eb900000, 0x0000000100000000)
  eden space 3072K, 0% used [0x00000000eab00000,0x00000000eab00000,0x00000000eae00000)
  from space 2560K, 100% used [0x00000000eae00000,0x00000000eb080000,0x00000000eb080000)
  to   space 5120K, 0% used [0x00000000eb400000,0x00000000eb400000,0x00000000eb900000)
 ParOldGen       total 305664K, used 305440K [0x00000000c0000000, 0x00000000d2a80000, 0x00000000eab00000)
  object space 305664K, 99% used [0x00000000c0000000,0x00000000d2a48150,0x00000000d2a80000)
 Metaspace       used 77444K, committed 79040K, reserved 1179648K
  class space    used 7786K, committed 8512K, reserved 1048576K
}
Event: 3012.917 GC heap before
{Heap before GC invocations=387 (full 3):
 PSYoungGen      total 5632K, used 5632K [0x00000000eab00000, 0x00000000eb900000, 0x0000000100000000)
  eden space 3072K, 100% used [0x00000000eab00000,0x00000000eae00000,0x00000000eae00000)
  from space 2560K, 100% used [0x00000000eae00000,0x00000000eb080000,0x00000000eb080000)
  to   space 5120K, 0% used [0x00000000eb400000,0x00000000eb400000,0x00000000eb900000)
 ParOldGen       total 305664K, used 305440K [0x00000000c0000000, 0x00000000d2a80000, 0x00000000eab00000)
  object space 305664K, 99% used [0x00000000c0000000,0x00000000d2a48150,0x00000000d2a80000)
 Metaspace       used 77445K, committed 79040K, reserved 1179648K
  class space    used 7786K, committed 8512K, reserved 1048576K
}
Event: 3012.926 GC heap after
{Heap after GC invocations=387 (full 3):
 PSYoungGen      total 7168K, used 2600K [0x00000000eab00000, 0x00000000eb700000, 0x0000000100000000)
  eden space 4096K, 0% used [0x00000000eab00000,0x00000000eab00000,0x00000000eaf00000)
  from space 3072K, 84% used [0x00000000eb400000,0x00000000eb68a280,0x00000000eb700000)
  to   space 3584K, 0% used [0x00000000eb000000,0x00000000eb000000,0x00000000eb380000)
 ParOldGen       total 308224K, used 308032K [0x00000000c0000000, 0x00000000d2d00000, 0x00000000eab00000)
  object space 308224K, 99% used [0x00000000c0000000,0x00000000d2cd0160,0x00000000d2d00000)
 Metaspace       used 77445K, committed 79040K, reserved 1179648K
  class space    used 7786K, committed 8512K, reserved 1048576K
}
Event: 3012.989 GC heap before
{Heap before GC invocations=388 (full 3):
 PSYoungGen      total 7168K, used 6696K [0x00000000eab00000, 0x00000000eb700000, 0x0000000100000000)
  eden space 4096K, 100% used [0x00000000eab00000,0x00000000eaf00000,0x00000000eaf00000)
  from space 3072K, 84% used [0x00000000eb400000,0x00000000eb68a280,0x00000000eb700000)
  to   space 3584K, 0% used [0x00000000eb000000,0x00000000eb000000,0x00000000eb380000)
 ParOldGen       total 308224K, used 308032K [0x00000000c0000000, 0x00000000d2d00000, 0x00000000eab00000)
  object space 308224K, 99% used [0x00000000c0000000,0x00000000d2cd0160,0x00000000d2d00000)
 Metaspace       used 77447K, committed 79040K, reserved 1179648K
  class space    used 7786K, committed 8512K, reserved 1048576K
}
Event: 3014.011 GC heap after
{Heap after GC invocations=388 (full 3):
 PSYoungGen      total 7168K, used 1957K [0x00000000eab00000, 0x00000000eb500000, 0x0000000100000000)
  eden space 5120K, 0% used [0x00000000eab00000,0x00000000eab00000,0x00000000eb000000)
  from space 2048K, 95% used [0x00000000eb000000,0x00000000eb1e9400,0x00000000eb200000)
  to   space 2560K, 0% used [0x00000000eb280000,0x00000000eb280000,0x00000000eb500000)
 ParOldGen       total 310784K, used 310472K [0x00000000c0000000, 0x00000000d2f80000, 0x00000000eab00000)
  object space 310784K, 99% used [0x00000000c0000000,0x00000000d2f32160,0x00000000d2f80000)
 Metaspace       used 77447K, committed 79040K, reserved 1179648K
  class space    used 7786K, committed 8512K, reserved 1048576K
}
Event: 3014.217 GC heap before
{Heap before GC invocations=389 (full 3):
 PSYoungGen      total 7168K, used 7077K [0x00000000eab00000, 0x00000000eb500000, 0x0000000100000000)
  eden space 5120K, 100% used [0x00000000eab00000,0x00000000eb000000,0x00000000eb000000)
  from space 2048K, 95% used [0x00000000eb000000,0x00000000eb1e9400,0x00000000eb200000)
  to   space 2560K, 0% used [0x00000000eb280000,0x00000000eb280000,0x00000000eb500000)
 ParOldGen       total 310784K, used 310472K [0x00000000c0000000, 0x00000000d2f80000, 0x00000000eab00000)
  object space 310784K, 99% used [0x00000000c0000000,0x00000000d2f32160,0x00000000d2f80000)
 Metaspace       used 77491K, committed 79104K, reserved 1179648K
  class space    used 7786K, committed 8512K, reserved 1048576K
}
Event: 3016.237 GC heap after
{Heap after GC invocations=389 (full 3):
 PSYoungGen      total 7680K, used 2513K [0x00000000eab00000, 0x00000000eb500000, 0x0000000100000000)
  eden space 5120K, 0% used [0x00000000eab00000,0x00000000eab00000,0x00000000eb000000)
  from space 2560K, 98% used [0x00000000eb280000,0x00000000eb4f4630,0x00000000eb500000)
  to   space 2048K, 0% used [0x00000000eb000000,0x00000000eb000000,0x00000000eb200000)
 ParOldGen       total 311808K, used 311676K [0x00000000c0000000, 0x00000000d3080000, 0x00000000eab00000)
  object space 311808K, 99% used [0x00000000c0000000,0x00000000d305f170,0x00000000d3080000)
 Metaspace       used 77491K, committed 79104K, reserved 1179648K
  class space    used 7786K, committed 8512K, reserved 1048576K
}
Event: 3016.340 GC heap before
{Heap before GC invocations=390 (full 3):
 PSYoungGen      total 7680K, used 7633K [0x00000000eab00000, 0x00000000eb500000, 0x0000000100000000)
  eden space 5120K, 99% used [0x00000000eab00000,0x00000000eafffde8,0x00000000eb000000)
  from space 2560K, 98% used [0x00000000eb280000,0x00000000eb4f4630,0x00000000eb500000)
  to   space 2048K, 0% used [0x00000000eb000000,0x00000000eb000000,0x00000000eb200000)
 ParOldGen       total 311808K, used 311676K [0x00000000c0000000, 0x00000000d3080000, 0x00000000eab00000)
  object space 311808K, 99% used [0x00000000c0000000,0x00000000d305f170,0x00000000d3080000)
 Metaspace       used 77515K, committed 79168K, reserved 1179648K
  class space    used 7786K, committed 8512K, reserved 1048576K
}
Event: 3016.353 GC heap after
{Heap after GC invocations=390 (full 3):
 PSYoungGen      total 7168K, used 416K [0x00000000eab00000, 0x00000000eb400000, 0x0000000100000000)
  eden space 5120K, 0% used [0x00000000eab00000,0x00000000eab00000,0x00000000eb000000)
  from space 2048K, 20% used [0x00000000eb000000,0x00000000eb068000,0x00000000eb200000)
  to   space 1536K, 0% used [0x00000000eb280000,0x00000000eb280000,0x00000000eb400000)
 ParOldGen       total 314880K, used 314610K [0x00000000c0000000, 0x00000000d3380000, 0x00000000eab00000)
  object space 314880K, 99% used [0x00000000c0000000,0x00000000d333c8e0,0x00000000d3380000)
 Metaspace       used 77515K, committed 79168K, reserved 1179648K
  class space    used 7786K, committed 8512K, reserved 1048576K
}
Event: 3016.445 GC heap before
{Heap before GC invocations=391 (full 3):
 PSYoungGen      total 7168K, used 5535K [0x00000000eab00000, 0x00000000eb400000, 0x0000000100000000)
  eden space 5120K, 99% used [0x00000000eab00000,0x00000000eaffffe8,0x00000000eb000000)
  from space 2048K, 20% used [0x00000000eb000000,0x00000000eb068000,0x00000000eb200000)
  to   space 1536K, 0% used [0x00000000eb280000,0x00000000eb280000,0x00000000eb400000)
 ParOldGen       total 314880K, used 314610K [0x00000000c0000000, 0x00000000d3380000, 0x00000000eab00000)
  object space 314880K, 99% used [0x00000000c0000000,0x00000000d333c8e0,0x00000000d3380000)
 Metaspace       used 77530K, committed 79232K, reserved 1179648K
  class space    used 7787K, committed 8512K, reserved 1048576K
}
Event: 3016.449 GC heap after
{Heap after GC invocations=391 (full 3):
 PSYoungGen      total 7168K, used 1466K [0x00000000eab00000, 0x00000000eb500000, 0x0000000100000000)
  eden space 5632K, 0% used [0x00000000eab00000,0x00000000eab00000,0x00000000eb080000)
  from space 1536K, 95% used [0x00000000eb280000,0x00000000eb3eeaa0,0x00000000eb400000)
  to   space 2048K, 0% used [0x00000000eb080000,0x00000000eb080000,0x00000000eb280000)
 ParOldGen       total 315392K, used 314890K [0x00000000c0000000, 0x00000000d3400000, 0x00000000eab00000)
  object space 315392K, 99% used [0x00000000c0000000,0x00000000d33828e0,0x00000000d3400000)
 Metaspace       used 77530K, committed 79232K, reserved 1179648K
  class space    used 7787K, committed 8512K, reserved 1048576K
}

Dll operation events (11 events):
Event: 0.024 Loaded shared library c:\Users\user\.vscode\extensions\redhat.java-1.42.0-win32-x64\jre\21.0.7-win32-x86_64\bin\java.dll
Event: 0.209 Loaded shared library c:\Users\user\.vscode\extensions\redhat.java-1.42.0-win32-x64\jre\21.0.7-win32-x86_64\bin\zip.dll
Event: 0.254 Loaded shared library C:\Users\user\.vscode\extensions\redhat.java-1.42.0-win32-x64\jre\21.0.7-win32-x86_64\bin\instrument.dll
Event: 0.263 Loaded shared library C:\Users\user\.vscode\extensions\redhat.java-1.42.0-win32-x64\jre\21.0.7-win32-x86_64\bin\net.dll
Event: 0.269 Loaded shared library C:\Users\user\.vscode\extensions\redhat.java-1.42.0-win32-x64\jre\21.0.7-win32-x86_64\bin\nio.dll
Event: 0.276 Loaded shared library C:\Users\user\.vscode\extensions\redhat.java-1.42.0-win32-x64\jre\21.0.7-win32-x86_64\bin\zip.dll
Event: 0.353 Loaded shared library C:\Users\user\.vscode\extensions\redhat.java-1.42.0-win32-x64\jre\21.0.7-win32-x86_64\bin\jimage.dll
Event: 0.539 Loaded shared library c:\Users\user\.vscode\extensions\redhat.java-1.42.0-win32-x64\jre\21.0.7-win32-x86_64\bin\verify.dll
Event: 3.585 Loaded shared library C:\Users\user\AppData\Roaming\Code\User\globalStorage\redhat.java\1.42.0\config_win\org.eclipse.equinox.launcher\org.eclipse.equinox.launcher.win32.win32.x86_64_1.2.1300.v20250331-1702\eclipse_11911.dll
Event: 6.979 Loaded shared library C:\Users\user\AppData\Local\Temp\jna-3599307\jna17993293732671278766.dll
Event: 303.910 Loaded shared library C:\Users\user\.vscode\extensions\redhat.java-1.42.0-win32-x64\jre\21.0.7-win32-x86_64\bin\extnet.dll

Deoptimization events (20 events):
Event: 3012.760 Thread 0x000001ab6c89f240 Uncommon trap: trap_request=0xffffffd6 fr.pc=0x000001ab1aa57574 relative=0x0000000000000714
Event: 3012.760 Thread 0x000001ab6c89f240 Uncommon trap: reason=array_check action=maybe_recompile pc=0x000001ab1aa57574 method=java.util.TimSort.binarySort([Ljava/lang/Object;IIILjava/util/Comparator;)V @ 183 c2
Event: 3012.761 Thread 0x000001ab6c89f240 DEOPT PACKING pc=0x000001ab1aa57574 sp=0x000000879c5fda10
Event: 3012.761 Thread 0x000001ab6c89f240 DEOPT UNPACKING pc=0x000001ab19823aa2 sp=0x000000879c5fd9e0 mode 2
Event: 3014.013 Thread 0x000001ab6f8bf470 DEOPT PACKING pc=0x000001ab1471451a sp=0x000000879c1fdc10
Event: 3014.013 Thread 0x000001ab6f8bf470 DEOPT UNPACKING pc=0x000001ab19824242 sp=0x000000879c1fd198 mode 0
Event: 3014.164 Thread 0x000001ab6f8bf470 DEOPT PACKING pc=0x000001ab146ac243 sp=0x000000879c1fed50
Event: 3014.164 Thread 0x000001ab6f8bf470 DEOPT UNPACKING pc=0x000001ab19824242 sp=0x000000879c1fe288 mode 0
Event: 3014.203 Thread 0x000001ab6f8bf470 DEOPT PACKING pc=0x000001ab1471451a sp=0x000000879c1fdfd0
Event: 3014.203 Thread 0x000001ab6f8bf470 DEOPT UNPACKING pc=0x000001ab19824242 sp=0x000000879c1fd558 mode 0
Event: 3016.253 Thread 0x000001ab6b3467c0 DEOPT PACKING pc=0x000001ab1471451a sp=0x000000879adfe180
Event: 3016.253 Thread 0x000001ab6b3467c0 DEOPT UNPACKING pc=0x000001ab19824242 sp=0x000000879adfd708 mode 0
Event: 3016.293 Thread 0x000001ab6f8bf470 DEOPT PACKING pc=0x000001ab13bf380a sp=0x000000879c1fd630
Event: 3016.293 Thread 0x000001ab6f8bf470 DEOPT UNPACKING pc=0x000001ab19824242 sp=0x000000879c1fcb48 mode 0
Event: 3016.361 Thread 0x000001ab6f8bf470 DEOPT PACKING pc=0x000001ab1471451a sp=0x000000879c1fda30
Event: 3016.362 Thread 0x000001ab6f8bf470 DEOPT UNPACKING pc=0x000001ab19824242 sp=0x000000879c1fcfb8 mode 0
Event: 3016.455 Thread 0x000001ab6b3474e0 DEOPT PACKING pc=0x000001ab146cd34c sp=0x000000879b0fed30
Event: 3016.455 Thread 0x000001ab6b3474e0 DEOPT UNPACKING pc=0x000001ab19824242 sp=0x000000879b0fe2e0 mode 0
Event: 3016.497 Thread 0x000001ab6b3474e0 DEOPT PACKING pc=0x000001ab147c7089 sp=0x000000879b0fef20
Event: 3016.497 Thread 0x000001ab6b3474e0 DEOPT UNPACKING pc=0x000001ab19824242 sp=0x000000879b0fe3f8 mode 0

Classes loaded (20 events):
Event: 601.200 Loading class java/util/stream/Nodes$ConcNode
Event: 601.200 Loading class java/util/stream/Nodes$AbstractConcNode
Event: 601.201 Loading class java/util/stream/Nodes$AbstractConcNode done
Event: 601.201 Loading class java/util/stream/Nodes$ConcNode done
Event: 601.211 Loading class java/io/ObjectOutputStream$BlockDataOutputStream
Event: 601.213 Loading class java/io/ObjectOutputStream$BlockDataOutputStream done
Event: 601.213 Loading class java/io/ObjectOutputStream$HandleTable
Event: 601.213 Loading class java/io/ObjectOutputStream$HandleTable done
Event: 601.214 Loading class java/io/ObjectOutputStream$ReplaceTable
Event: 601.215 Loading class java/io/ObjectOutputStream$ReplaceTable done
Event: 2994.875 Loading class java/util/stream/ReduceOps$5
Event: 2994.875 Loading class sun/nio/fs/WindowsFileCopy
Event: 2994.876 Loading class java/util/stream/ReduceOps$5 done
Event: 2994.876 Loading class java/util/stream/ReduceOps$CountingSink$OfRef
Event: 2994.877 Loading class java/util/stream/ReduceOps$CountingSink
Event: 2994.877 Loading class java/util/stream/ReduceOps$CountingSink done
Event: 2994.880 Loading class java/util/stream/ReduceOps$CountingSink$OfRef done
Event: 2994.900 Loading class sun/nio/fs/WindowsFileCopy done
Event: 2997.008 Loading class java/nio/BufferMismatch
Event: 2997.009 Loading class java/nio/BufferMismatch done

Classes unloaded (8 events):
Event: 8.648 Thread 0x000001ab23463c20 Unloading class 0x000001ab2519c400 'java/lang/invoke/LambdaForm$MH+0x000001ab2519c400'
Event: 8.648 Thread 0x000001ab23463c20 Unloading class 0x000001ab2519c000 'java/lang/invoke/LambdaForm$MH+0x000001ab2519c000'
Event: 8.648 Thread 0x000001ab23463c20 Unloading class 0x000001ab2519bc00 'java/lang/invoke/LambdaForm$MH+0x000001ab2519bc00'
Event: 8.648 Thread 0x000001ab23463c20 Unloading class 0x000001ab2519b800 'java/lang/invoke/LambdaForm$MH+0x000001ab2519b800'
Event: 8.648 Thread 0x000001ab23463c20 Unloading class 0x000001ab2519b400 'java/lang/invoke/LambdaForm$BMH+0x000001ab2519b400'
Event: 8.648 Thread 0x000001ab23463c20 Unloading class 0x000001ab2519b000 'java/lang/invoke/LambdaForm$DMH+0x000001ab2519b000'
Event: 8.648 Thread 0x000001ab23463c20 Unloading class 0x000001ab25199c00 'java/lang/invoke/LambdaForm$DMH+0x000001ab25199c00'
Event: 28.716 Thread 0x000001ab23463c20 Unloading class 0x000001ab255c0000 'java/lang/invoke/LambdaForm$DMH+0x000001ab255c0000'

Classes redefined (0 events):
No events

Internal exceptions (20 events):
Event: 308.710 Thread 0x000001ab6f8b84e0 Exception <a 'sun/nio/fs/WindowsException'{0x00000000eac30470}> (0x00000000eac30470) 
thrown [s\src\hotspot\share\prims\jni.cpp, line 520]
Event: 308.821 Thread 0x000001ab6f8b84e0 Exception <a 'sun/nio/fs/WindowsException'{0x00000000eac3f060}> (0x00000000eac3f060) 
thrown [s\src\hotspot\share\prims\jni.cpp, line 520]
Event: 308.957 Thread 0x000001ab6f8b84e0 Exception <a 'java/lang/NoSuchMethodError'{0x00000000eab107a8}: 'long java.lang.invoke.Invokers$Holder.invokeExact_MT(java.lang.Object, java.lang.Object, java.lang.Object)'> (0x00000000eab107a8) 
thrown [s\src\hotspot\share\interpreter\linkResolver.cpp, line 773]
Event: 600.578 Thread 0x000001ab6c89b0a0 Exception <a 'java/lang/NoSuchMethodError'{0x00000000eab8ea00}: 'java.lang.Object java.lang.invoke.DirectMethodHandle$Holder.invokeStaticInit(java.lang.Object, java.lang.Object, java.lang.Object)'> (0x00000000eab8ea00) 
thrown [s\src\hotspot\share\interpreter\linkResolver.cpp, line 773]
Event: 601.175 Thread 0x000001ab6b345410 Exception <a 'sun/nio/fs/WindowsException'{0x00000000eab0ab38}> (0x00000000eab0ab38) 
thrown [s\src\hotspot\share\prims\jni.cpp, line 520]
Event: 601.176 Thread 0x000001ab6b345410 Exception <a 'sun/nio/fs/WindowsException'{0x00000000eab0b8b8}> (0x00000000eab0b8b8) 
thrown [s\src\hotspot\share\prims\jni.cpp, line 520]
Event: 601.177 Thread 0x000001ab6b345410 Implicit null exception at 0x000001ab1a52bea4 to 0x000001ab1a52c23c
Event: 601.280 Thread 0x000001ab6b345410 Exception <a 'java/lang/NoSuchMethodError'{0x00000000eabcf2b8}: static [J.<clinit>()V> (0x00000000eabcf2b8) 
thrown [s\src\hotspot\share\prims\jni.cpp, line 1111]
Event: 601.347 Thread 0x000001ab6b345410 Exception <a 'java/lang/NoSuchMethodError'{0x00000000eab20f38}: 'java.lang.Object java.lang.invoke.DirectMethodHandle$Holder.newInvokeSpecial(java.lang.Object, java.lang.Object, java.lang.Object, java.lang.Object, java.lang.Object, java.lang.Object, java.lang.Object, java.lang.Object)'> (0x00000000eab20f38) 
thrown [s\src\hotspot\share\interpreter\linkResolver.cpp, line 773]
Event: 1002.066 Thread 0x000001ab6f8b9890 Exception <a 'java/lang/ArrayIndexOutOfBoundsException'{0x00000000eac8e370}: Index 8574 out of bounds for length 8573> (0x00000000eac8e370) 
thrown [s\src\hotspot\share\interpreter\interpreterRuntime.cpp, line 439]
Event: 2131.621 Thread 0x000001ab6ad624d0 Exception <a 'java/lang/IncompatibleClassChangeError'{0x00000000eacdebf8}: Found class java.lang.Object, but interface was expected> (0x00000000eacdebf8) 
thrown [s\src\hotspot\share\interpreter\linkResolver.cpp, line 840]
Event: 2972.035 Thread 0x000001ab6ad624d0 Exception <a 'java/lang/IncompatibleClassChangeError'{0x00000000eab427f8}: Found class java.lang.Object, but interface was expected> (0x00000000eab427f8) 
thrown [s\src\hotspot\share\interpreter\linkResolver.cpp, line 840]
Event: 2986.356 Thread 0x000001ab6b3474e0 Implicit null exception at 0x000001ab1a939815 to 0x000001ab1a93a070
Event: 2986.368 Thread 0x000001ab6b3474e0 Implicit null exception at 0x000001ab1a81ce4b to 0x000001ab1a81d534
Event: 2994.906 Thread 0x000001ab6b3474e0 Exception <a 'sun/nio/fs/WindowsException'{0x00000000eab1ea78}> (0x00000000eab1ea78) 
thrown [s\src\hotspot\share\prims\jni.cpp, line 520]
Event: 2997.263 Thread 0x000001ab6b3474e0 Exception <a 'sun/nio/fs/WindowsException'{0x00000000eabb26a0}> (0x00000000eabb26a0) 
thrown [s\src\hotspot\share\prims\jni.cpp, line 520]
Event: 2997.338 Thread 0x000001ab6b3474e0 Implicit null exception at 0x000001ab1a9d2a62 to 0x000001ab1a9d2ed4
Event: 2997.357 Thread 0x000001ab6b3474e0 Implicit null exception at 0x000001ab1a93ab00 to 0x000001ab1a93af5c
Event: 3010.390 Thread 0x000001ab6b3474e0 Implicit null exception at 0x000001ab1aa08d0a to 0x000001ab1aa0c9e0
Event: 3011.589 Thread 0x000001ab6b3474e0 Exception <a 'sun/nio/fs/WindowsException'{0x00000000eab35f28}> (0x00000000eab35f28) 
thrown [s\src\hotspot\share\prims\jni.cpp, line 520]

ZGC Phase Switch (0 events):
No events

VM Operations (20 events):
Event: 3011.653 Executing VM operation: ParallelGCFailedAllocation (Allocation Failure) done
Event: 3011.678 Executing VM operation: ParallelGCFailedAllocation (Allocation Failure)
Event: 3011.681 Executing VM operation: ParallelGCFailedAllocation (Allocation Failure) done
Event: 3011.713 Executing VM operation: ParallelGCFailedAllocation (Allocation Failure)
Event: 3012.728 Executing VM operation: ParallelGCFailedAllocation (Allocation Failure) done
Event: 3012.768 Executing VM operation: ParallelGCFailedAllocation (Allocation Failure)
Event: 3012.783 Executing VM operation: ParallelGCFailedAllocation (Allocation Failure) done
Event: 3012.851 Executing VM operation: ParallelGCFailedAllocation (Allocation Failure)
Event: 3012.863 Executing VM operation: ParallelGCFailedAllocation (Allocation Failure) done
Event: 3012.917 Executing VM operation: ParallelGCFailedAllocation (Allocation Failure)
Event: 3012.926 Executing VM operation: ParallelGCFailedAllocation (Allocation Failure) done
Event: 3012.988 Executing VM operation: ParallelGCFailedAllocation (Allocation Failure)
Event: 3014.012 Executing VM operation: ParallelGCFailedAllocation (Allocation Failure) done
Event: 3014.217 Executing VM operation: ParallelGCFailedAllocation (Allocation Failure)
Event: 3016.237 Executing VM operation: ParallelGCFailedAllocation (Allocation Failure) done
Event: 3016.340 Executing VM operation: ParallelGCFailedAllocation (Allocation Failure)
Event: 3016.353 Executing VM operation: ParallelGCFailedAllocation (Allocation Failure) done
Event: 3016.445 Executing VM operation: ParallelGCFailedAllocation (Allocation Failure)
Event: 3016.449 Executing VM operation: ParallelGCFailedAllocation (Allocation Failure) done
Event: 3017.692 Executing VM operation: ParallelGCFailedAllocation (Allocation Failure)

Memory protections (0 events):
No events

Nmethod flushes (20 events):
Event: 28.742 Thread 0x000001ab23463c20 flushing osr nmethod 0x000001ab12b2cd10
Event: 28.742 Thread 0x000001ab23463c20 flushing  nmethod 0x000001ab12b3b410
Event: 28.742 Thread 0x000001ab23463c20 flushing osr nmethod 0x000001ab12b51290
Event: 28.742 Thread 0x000001ab23463c20 flushing  nmethod 0x000001ab12b65710
Event: 28.742 Thread 0x000001ab23463c20 flushing  nmethod 0x000001ab12b6a310
Event: 28.742 Thread 0x000001ab23463c20 flushing  nmethod 0x000001ab12b6f290
Event: 28.742 Thread 0x000001ab23463c20 flushing  nmethod 0x000001ab12b72810
Event: 28.742 Thread 0x000001ab23463c20 flushing  nmethod 0x000001ab12b73190
Event: 28.742 Thread 0x000001ab23463c20 flushing  nmethod 0x000001ab12b74090
Event: 28.742 Thread 0x000001ab23463c20 flushing  nmethod 0x000001ab12b8b390
Event: 28.742 Thread 0x000001ab23463c20 flushing  nmethod 0x000001ab12b8b990
Event: 28.742 Thread 0x000001ab23463c20 flushing  nmethod 0x000001ab12b8fb10
Event: 28.742 Thread 0x000001ab23463c20 flushing  nmethod 0x000001ab12b91610
Event: 28.742 Thread 0x000001ab23463c20 flushing  nmethod 0x000001ab12b95690
Event: 28.742 Thread 0x000001ab23463c20 flushing  nmethod 0x000001ab12b9e790
Event: 28.742 Thread 0x000001ab23463c20 flushing  nmethod 0x000001ab12ba4a90
Event: 28.742 Thread 0x000001ab23463c20 flushing  nmethod 0x000001ab12bb8d90
Event: 28.742 Thread 0x000001ab23463c20 flushing  nmethod 0x000001ab12bc6110
Event: 28.742 Thread 0x000001ab23463c20 flushing  nmethod 0x000001ab12bcf310
Event: 28.742 Thread 0x000001ab23463c20 flushing  nmethod 0x000001ab12bf2190

Events (20 events):
Event: 2988.025 Thread 0x000001ab234703a0 Thread added: 0x000001ab6ca017d0
Event: 2988.147 Thread 0x000001ab23467fc0 Thread added: 0x000001ab6c9ff840
Event: 2989.901 Thread 0x000001ab6c9ff840 Thread exited: 0x000001ab6c9ff840
Event: 2989.916 Thread 0x000001ab6ca017d0 Thread exited: 0x000001ab6ca017d0
Event: 2994.779 Thread 0x000001ab6b3467c0 Thread added: 0x000001ab6c89aa10
Event: 2996.138 Thread 0x000001ab234703a0 Thread added: 0x000001ab78951ff0
Event: 2996.198 Thread 0x000001ab6b3467c0 Thread added: 0x000001ab6c89b0a0
Event: 2996.752 Thread 0x000001ab234703a0 Thread added: 0x000001ab6bb20e20
Event: 2997.356 Thread 0x000001ab6bb20e20 Thread exited: 0x000001ab6bb20e20
Event: 2997.357 Thread 0x000001ab6b345410 Thread added: 0x000001ab6c89f240
Event: 2999.312 Thread 0x000001ab78951ff0 Thread exited: 0x000001ab78951ff0
Event: 2999.328 Thread 0x000001ab234703a0 Thread added: 0x000001ab78951ff0
Event: 2999.337 Thread 0x000001ab234703a0 Thread added: 0x000001ab788cf240
Event: 3004.389 Thread 0x000001ab788cf240 Thread exited: 0x000001ab788cf240
Event: 3004.404 Thread 0x000001ab78951ff0 Thread exited: 0x000001ab78951ff0
Event: 3010.342 Thread 0x000001ab23467fc0 Thread added: 0x000001ab78951ff0
Event: 3010.393 Thread 0x000001ab6c89f240 Thread added: 0x000001ab6c89bdc0
Event: 3011.687 Thread 0x000001ab234703a0 Thread added: 0x000001ab6da92880
Event: 3011.701 Thread 0x000001ab6c89f240 Thread added: 0x000001ab6c89f8d0
Event: 3011.701 Thread 0x000001ab6c89f240 Thread added: 0x000001ab6c89c450


Dynamic libraries:
0x00007ff609d10000 - 0x00007ff609d1e000 	c:\Users\user\.vscode\extensions\redhat.java-1.42.0-win32-x64\jre\21.0.7-win32-x86_64\bin\java.exe
0x00007ffc93a40000 - 0x00007ffc93ca3000 	C:\WINDOWS\SYSTEM32\ntdll.dll
0x00007ffc91d20000 - 0x00007ffc91de8000 	C:\WINDOWS\System32\KERNEL32.DLL
0x00007ffc91380000 - 0x00007ffc91732000 	C:\WINDOWS\System32\KERNELBASE.dll
0x00007ffc90e10000 - 0x00007ffc90f5b000 	C:\WINDOWS\System32\ucrtbase.dll
0x00007ffc6db40000 - 0x00007ffc6db58000 	c:\Users\user\.vscode\extensions\redhat.java-1.42.0-win32-x64\jre\21.0.7-win32-x86_64\bin\jli.dll
0x00007ffc92f00000 - 0x00007ffc930c8000 	C:\WINDOWS\System32\USER32.dll
0x00007ffc7ccf0000 - 0x00007ffc7cf80000 	C:\WINDOWS\WinSxS\amd64_microsoft.windows.common-controls_6595b64144ccf1df_6.0.26100.2454_none_3e0b68a2e331ad60\COMCTL32.dll
0x00007ffc917e0000 - 0x00007ffc91807000 	C:\WINDOWS\System32\win32u.dll
0x00007ffc6b850000 - 0x00007ffc6b86e000 	c:\Users\user\.vscode\extensions\redhat.java-1.42.0-win32-x64\jre\21.0.7-win32-x86_64\bin\VCRUNTIME140.dll
0x00007ffc91c30000 - 0x00007ffc91c5a000 	C:\WINDOWS\System32\GDI32.dll
0x00007ffc92070000 - 0x00007ffc92119000 	C:\WINDOWS\System32\msvcrt.dll
0x00007ffc91250000 - 0x00007ffc9137b000 	C:\WINDOWS\System32\gdi32full.dll
0x00007ffc910e0000 - 0x00007ffc91183000 	C:\WINDOWS\System32\msvcp_win.dll
0x00007ffc92da0000 - 0x00007ffc92dcf000 	C:\WINDOWS\System32\IMM32.DLL
0x00007ffc892b0000 - 0x00007ffc892bc000 	c:\Users\user\.vscode\extensions\redhat.java-1.42.0-win32-x64\jre\21.0.7-win32-x86_64\bin\vcruntime140_1.dll
0x00007ffc53df0000 - 0x00007ffc53e7d000 	c:\Users\user\.vscode\extensions\redhat.java-1.42.0-win32-x64\jre\21.0.7-win32-x86_64\bin\msvcp140.dll
0x00007ffc4a3f0000 - 0x00007ffc4b180000 	c:\Users\user\.vscode\extensions\redhat.java-1.42.0-win32-x64\jre\21.0.7-win32-x86_64\bin\server\jvm.dll
0x00007ffc91c60000 - 0x00007ffc91d14000 	C:\WINDOWS\System32\ADVAPI32.dll
0x00007ffc93180000 - 0x00007ffc93226000 	C:\WINDOWS\System32\sechost.dll
0x00007ffc92de0000 - 0x00007ffc92ef6000 	C:\WINDOWS\System32\RPCRT4.dll
0x00007ffc91f40000 - 0x00007ffc91fb4000 	C:\WINDOWS\System32\WS2_32.dll
0x00007ffc90ca0000 - 0x00007ffc90cee000 	C:\WINDOWS\SYSTEM32\POWRPROF.dll
0x00007ffc8b020000 - 0x00007ffc8b02b000 	C:\WINDOWS\SYSTEM32\VERSION.dll
0x00007ffc78910000 - 0x00007ffc78946000 	C:\WINDOWS\SYSTEM32\WINMM.dll
0x00007ffc90c80000 - 0x00007ffc90c94000 	C:\WINDOWS\SYSTEM32\UMPDC.dll
0x00007ffc8fc10000 - 0x00007ffc8fc2a000 	C:\WINDOWS\SYSTEM32\kernel.appcore.dll
0x00007ffc7d180000 - 0x00007ffc7d18a000 	c:\Users\user\.vscode\extensions\redhat.java-1.42.0-win32-x64\jre\21.0.7-win32-x86_64\bin\jimage.dll
0x00007ffc8e720000 - 0x00007ffc8e961000 	C:\WINDOWS\SYSTEM32\DBGHELP.DLL
0x00007ffc918a0000 - 0x00007ffc91c1e000 	C:\WINDOWS\System32\combase.dll
0x00007ffc93490000 - 0x00007ffc93566000 	C:\WINDOWS\System32\OLEAUT32.dll
0x00007ffc758f0000 - 0x00007ffc75929000 	C:\WINDOWS\SYSTEM32\dbgcore.DLL
0x00007ffc91740000 - 0x00007ffc917d9000 	C:\WINDOWS\System32\bcryptPrimitives.dll
0x00007ffc7a4e0000 - 0x00007ffc7a4ef000 	c:\Users\user\.vscode\extensions\redhat.java-1.42.0-win32-x64\jre\21.0.7-win32-x86_64\bin\instrument.dll
0x00007ffc6b830000 - 0x00007ffc6b84f000 	c:\Users\user\.vscode\extensions\redhat.java-1.42.0-win32-x64\jre\21.0.7-win32-x86_64\bin\java.dll
0x00007ffc92690000 - 0x00007ffc92d90000 	C:\WINDOWS\System32\SHELL32.dll
0x00007ffc8eb00000 - 0x00007ffc8f331000 	C:\WINDOWS\SYSTEM32\windows.storage.dll
0x00007ffc92120000 - 0x00007ffc921fa000 	C:\WINDOWS\System32\SHCORE.dll
0x00007ffc91df0000 - 0x00007ffc91e4d000 	C:\WINDOWS\System32\shlwapi.dll
0x00007ffc90d20000 - 0x00007ffc90d4e000 	C:\WINDOWS\SYSTEM32\profapi.dll
0x00007ffc67a90000 - 0x00007ffc67aa8000 	c:\Users\user\.vscode\extensions\redhat.java-1.42.0-win32-x64\jre\21.0.7-win32-x86_64\bin\zip.dll
0x00007ffc79570000 - 0x00007ffc79580000 	C:\Users\user\.vscode\extensions\redhat.java-1.42.0-win32-x64\jre\21.0.7-win32-x86_64\bin\net.dll
0x00007ffc88e00000 - 0x00007ffc88f26000 	C:\WINDOWS\SYSTEM32\WINHTTP.dll
0x00007ffc900f0000 - 0x00007ffc90158000 	C:\WINDOWS\system32\mswsock.dll
0x00007ffc64960000 - 0x00007ffc64976000 	C:\Users\user\.vscode\extensions\redhat.java-1.42.0-win32-x64\jre\21.0.7-win32-x86_64\bin\nio.dll
0x00007ffc78b30000 - 0x00007ffc78b40000 	c:\Users\user\.vscode\extensions\redhat.java-1.42.0-win32-x64\jre\21.0.7-win32-x86_64\bin\verify.dll
0x00007ffc558a0000 - 0x00007ffc558e5000 	C:\Users\user\AppData\Roaming\Code\User\globalStorage\redhat.java\1.42.0\config_win\org.eclipse.equinox.launcher\org.eclipse.equinox.launcher.win32.win32.x86_64_1.2.1300.v20250331-1702\eclipse_11911.dll
0x00007ffc922a0000 - 0x00007ffc92439000 	C:\WINDOWS\System32\ole32.dll
0x00007ffc904a0000 - 0x00007ffc904bc000 	C:\WINDOWS\SYSTEM32\CRYPTSP.dll
0x00007ffc8fb70000 - 0x00007ffc8fba8000 	C:\WINDOWS\system32\rsaenh.dll
0x00007ffc90190000 - 0x00007ffc901bb000 	C:\WINDOWS\SYSTEM32\USERENV.dll
0x00007ffc90630000 - 0x00007ffc90656000 	C:\WINDOWS\SYSTEM32\bcrypt.dll
0x00007ffc90320000 - 0x00007ffc9032c000 	C:\WINDOWS\SYSTEM32\CRYPTBASE.dll
0x00007ffc8f630000 - 0x00007ffc8f662000 	C:\WINDOWS\SYSTEM32\IPHLPAPI.DLL
0x00007ffc93230000 - 0x00007ffc9323a000 	C:\WINDOWS\System32\NSI.dll
0x00007ffc53da0000 - 0x00007ffc53de9000 	C:\Users\user\AppData\Local\Temp\jna-3599307\jna17993293732671278766.dll
0x00007ffc92290000 - 0x00007ffc92298000 	C:\WINDOWS\System32\PSAPI.DLL
0x00007ffc88dd0000 - 0x00007ffc88dee000 	C:\WINDOWS\SYSTEM32\dhcpcsvc6.DLL
0x00007ffc88da0000 - 0x00007ffc88dc5000 	C:\WINDOWS\SYSTEM32\dhcpcsvc.DLL
0x00007ffc8b160000 - 0x00007ffc8b169000 	C:\Users\user\.vscode\extensions\redhat.java-1.42.0-win32-x64\jre\21.0.7-win32-x86_64\bin\extnet.dll

dbghelp: loaded successfully - version: 4.0.5 - missing functions: none
symbol engine: initialized successfully - sym options: 0x614 - pdb path: .;c:\Users\user\.vscode\extensions\redhat.java-1.42.0-win32-x64\jre\21.0.7-win32-x86_64\bin;C:\WINDOWS\SYSTEM32;C:\WINDOWS\WinSxS\amd64_microsoft.windows.common-controls_6595b64144ccf1df_6.0.26100.2454_none_3e0b68a2e331ad60;c:\Users\user\.vscode\extensions\redhat.java-1.42.0-win32-x64\jre\21.0.7-win32-x86_64\bin\server;C:\Users\user\AppData\Roaming\Code\User\globalStorage\redhat.java\1.42.0\config_win\org.eclipse.equinox.launcher\org.eclipse.equinox.launcher.win32.win32.x86_64_1.2.1300.v20250331-1702;C:\Users\user\AppData\Local\Temp\jna-3599307

VM Arguments:
jvm_args: --add-modules=ALL-SYSTEM --add-opens=java.base/java.util=ALL-UNNAMED --add-opens=java.base/java.lang=ALL-UNNAMED --add-opens=java.base/sun.nio.fs=ALL-UNNAMED -Declipse.application=org.eclipse.jdt.ls.core.id1 -Dosgi.bundles.defaultStartLevel=4 -Declipse.product=org.eclipse.jdt.ls.core.product -Djava.import.generatesMetadataFilesAtProjectRoot=false -DDetectVMInstallationsJob.disabled=true -Dfile.encoding=utf8 -XX:+UseParallelGC -XX:GCTimeRatio=4 -XX:AdaptiveSizePolicyWeight=90 -Dsun.zip.disableMemoryMapping=true -Xmx1G -Xms100m -Xlog:disable -javaagent:c:\Users\user\.vscode\extensions\redhat.java-1.42.0-win32-x64\lombok\lombok-1.18.36.jar -XX:+HeapDumpOnOutOfMemoryError -XX:HeapDumpPath=c:\Users\user\AppData\Roaming\Code\User\workspaceStorage\0272490850c50741bd3cc4f5751eb9fa\redhat.java -Daether.dependencyCollector.impl=bf 
java_command: c:\Users\user\.vscode\extensions\redhat.java-1.42.0-win32-x64\server\plugins\org.eclipse.equinox.launcher_1.7.0.v20250424-1814.jar -configuration c:\Users\user\AppData\Roaming\Code\User\globalStorage\redhat.java\1.42.0\config_win -data c:\Users\user\AppData\Roaming\Code\User\workspaceStorage\0272490850c50741bd3cc4f5751eb9fa\redhat.java\jdt_ws --pipe=\\.\pipe\lsp-7dab97760057eeb9f00772c5f2baa5b3-sock
java_class_path (initial): c:\Users\user\.vscode\extensions\redhat.java-1.42.0-win32-x64\server\plugins\org.eclipse.equinox.launcher_1.7.0.v20250424-1814.jar
Launcher Type: SUN_STANDARD

[Global flags]
    uintx AdaptiveSizePolicyWeight                 = 90                                        {product} {command line}
     intx CICompilerCount                          = 4                                         {product} {ergonomic}
    uintx GCTimeRatio                              = 4                                         {product} {command line}
     bool HeapDumpOnOutOfMemoryError               = true                                   {manageable} {command line}
    ccstr HeapDumpPath                             = c:\Users\user\AppData\Roaming\Code\User\workspaceStorage\0272490850c50741bd3cc4f5751eb9fa\redhat.java         {manageable} {command line}
   size_t InitialHeapSize                          = 104857600                                 {product} {command line}
   size_t MaxHeapSize                              = 1073741824                                {product} {command line}
   size_t MaxNewSize                               = 357564416                                 {product} {ergonomic}
   size_t MinHeapDeltaBytes                        = 524288                                    {product} {ergonomic}
   size_t MinHeapSize                              = 104857600                                 {product} {command line}
   size_t NewSize                                  = 34603008                                  {product} {ergonomic}
    uintx NonNMethodCodeHeapSize                   = 5839372                                {pd product} {ergonomic}
    uintx NonProfiledCodeHeapSize                  = 122909434                              {pd product} {ergonomic}
   size_t OldSize                                  = 70254592                                  {product} {ergonomic}
    uintx ProfiledCodeHeapSize                     = 122909434                              {pd product} {ergonomic}
    uintx ReservedCodeCacheSize                    = 251658240                              {pd product} {ergonomic}
     bool SegmentedCodeCache                       = true                                      {product} {ergonomic}
   size_t SoftMaxHeapSize                          = 1073741824                             {manageable} {ergonomic}
     bool UseCompressedOops                        = true                           {product lp64_product} {ergonomic}
     bool UseLargePagesIndividualAllocation        = false                                  {pd product} {ergonomic}
     bool UseParallelGC                            = true                                      {product} {command line}

Logging:
Log output configuration:
 #0: stdout all=off uptime,level,tags foldmultilines=false
 #1: stderr all=off uptime,level,tags foldmultilines=false

Environment Variables:
PATH=C:\Program Files\Microsoft SDKs\Azure\CLI2\wbin;C:\Program Files\Common Files\Oracle\Java\javapath;C:\WINDOWS\system32;C:\WINDOWS;C:\WINDOWS\System32\Wbem;C:\WINDOWS\System32\WindowsPowerShell\v1.0\;C:\WINDOWS\System32\OpenSSH\;D:\opencv\build\x64\vc16\bin;C:\MinGW\bin;D:\Windows Kits\10\Windows Performance Toolkit\;C:\Program Files\Git\cmd;C:\Program Files\dotnet\;C:\asm\nasm;C:\Program Files\nodejs\;C:\Program Files (x86)\cloudflared\;C:\Program Files\Tailscale\;c:\Users\user\AppData\Local\Programs\cursor\resources\app\bin;c:\Users\user\AppData\Local\Programs\cursor\resources\app\bin;C:\Users\user\AppData\Local\Microsoft\WindowsApps;C:\Users\user\AppData\Local\Packages\PythonSoftwareFoundation.Python.3.12_qbz5n2kfra8p0\LocalCache\local-packages\Python312\Scripts;C:\Users\user\AppData\Local\Packages\PythonSoftwareFoundation.Python.3.12_qbz5n2kfra8p0\LocalCache\local-packages\Python312\;C:\Users\user\AppData\Local\Programs\Microsoft VS Code\bin;C:\Users\user\.dotnet\tools;C:\asm\nasm;C:\msys64\ucrt64\bin;C:\user\maven\apache-maven-3.9.9\bin;C:\Users\user\AppData\Roaming\npm;C:\opencv\build\bin;C:\Program Files\Heroku\bin;C:\Program Files\Git\bin;C:\Program Files\Git\cmd;D:\WebStorm 2024.3.4\bin;;D:\WebStorm 2024.3.4\bin;D:\PyCharm 2024.3.5\bin;;C:\Program Files\MongoDB\Server\8.0\bin;C:\Users\user\AppData\Local\Programs\cursor\resources\app\bin
USERNAME=user
OS=Windows_NT
PROCESSOR_IDENTIFIER=Intel64 Family 6 Model 142 Stepping 10, GenuineIntel
TMP=C:\Users\user\AppData\Local\Temp
TEMP=C:\Users\user\AppData\Local\Temp




Periodic native trim disabled

---------------  S Y S T E M  ---------------

OS:
 Windows 11 , 64 bit Build 26100 (10.0.26100.2454)
OS uptime: 4 days 3:12 hours
Hyper-V role detected

CPU: total 8 (initial active 8) (4 cores per cpu, 2 threads per core) family 6 model 142 stepping 10 microcode 0xe0, cx8, cmov, fxsr, ht, mmx, 3dnowpref, sse, sse2, sse3, ssse3, sse4.1, sse4.2, popcnt, lzcnt, tsc, tscinvbit, avx, avx2, aes, erms, clmul, bmi1, bmi2, rtm, adx, fma, vzeroupper, clflush, clflushopt, hv, rdtscp, f16c
Processor Information for the first 8 processors :
  Max Mhz: 2112, Current Mhz: 1508, Mhz Limit: 1900

Memory: 4k page, system-wide physical 16263M (4120M free)
TotalPageFile size 41863M (AvailPageFile size 18M)
current process WorkingSet (physical memory assigned to process): 374M, peak: 468M
current process commit charge ("private bytes"): 646M, peak: 646M

vm_info: OpenJDK 64-Bit Server VM (21.0.7+6-LTS) for windows-amd64 JRE (21.0.7+6-LTS), built on 2025-04-15T00:00:00Z by "admin" with MS VC++ 17.7 (VS2022)

END.
